/my_product/app/AudioEffectCenter/AudioEffectCenter.apk 18-67
/my_product/app/OplusCaseFlash/OplusCaseFlash.apk 69-626
/my_product/build.prop 627-628
/my_product/decouping_wallpaper/common/default_multi_sys_wallpaper.png 631-636
/my_product/decouping_wallpaper/common/inlay_wallpaper110.png 637-1522
/my_product/decouping_wallpaper/common/inlay_wallpaper111.png 1523-2389
/my_product/decouping_wallpaper/common/inlay_wallpaper72.png 2390-3008
/my_product/decouping_wallpaper/common/inlay_wallpaper73.png 3009-4074
/my_product/decouping_wallpaper/common/inlay_wallpaper75.png 4075-4801
/my_product/decouping_wallpaper/common/inlay_wallpaper76.png 4802-5533
/my_product/decouping_wallpaper/common/inlay_wallpaper77.png 5534-6481
/my_product/decouping_wallpaper/common/inlay_wallpaper78.png 6482-7080
/my_product/decouping_wallpaper/common/inlay_wallpaper79.png 7081-8130
/my_product/decouping_wallpaper/common/inlay_wallpaper80.png 8131-9256
/my_product/decouping_wallpaper/common/inlay_wallpaper81.jpg 9257-9355
/my_product/decouping_wallpaper/common/inlay_wallpaper82.png 9356-10161
/my_product/decouping_wallpaper/common/inlay_wallpaper83.png 10162-11179
/my_product/decouping_wallpaper/common/inlay_wallpaper84.jpg 11180-11280
/my_product/decouping_wallpaper/common/inlay_wallpaper_id.png 11281-12130
/my_product/decouping_wallpaper/common/operator_telcel_1.png 12131-13611
/my_product/decouping_wallpaper/common/operator_telcel_2.jpg 13612-13718
/my_product/decouping_wallpaper/common/operator_telcel_3.jpg 13719-13940
/my_product/decouping_wallpaper/common/operator_telcel_4.jpg 13941-14286
/my_product/decouping_wallpaper/common/operator_telcel_5.jpg 14287-14985
/my_product/decouping_wallpaper/common/operator_telcel_6.jpg 14986-15452
/my_product/decouping_wallpaper/common/operator_telcel_7.jpg 15453-15748
/my_product/decouping_wallpaper/common/operator_telcel_8.jpg 15749-16084
/my_product/decouping_wallpaper/common/product_wallpaper1.png 16085-16633
/my_product/decouping_wallpaper/common/product_wallpaper2.png 16634-17149
/my_product/decouping_wallpaper/common/product_wallpaper3.png 17150-17630
/my_product/decouping_wallpaper/common/product_wallpaper4.png 17631-18321
/my_product/decouping_wallpaper/default/default_multi_sys_wallpaper.png 631-636
/my_product/decouping_wallpaper/default/default_wallpaper.png 16085-16633
/my_product/decouping_wallpaper/default/default_wallpaper_lock.png 16085-16633
/my_product/decouping_wallpaper/default/default_wallpaper_lock_operator_telcel.png 12131-13611
/my_product/decouping_wallpaper/default/default_wallpaper_operator_telcel.png 12131-13611
/my_product/decouping_wallpaper/default/liveWallpaper/1.mp4 18324-19725
/my_product/decouping_wallpaper/default/liveWallpaper/2.mp4 19726-21176
/my_product/decouping_wallpaper/default/liveWallpaper/3.mp4 21177-22622
/my_product/decouping_wallpaper/default/liveWallpaper/4.mp4 22623-24081
/my_product/decouping_wallpaper/default/preview_0.png 24082-24091
/my_product/decouping_wallpaper/default/preview_0_en.png 24092-24107
/my_product/decouping_wallpaper/default/preview_1.png 24108-24154
/my_product/decouping_wallpaper/default/preview_1_en.png 24155-24196
/my_product/decouping_wallpaper/default/thumb.png 24197-24214
/my_product/decouping_wallpaper/default/thumb_en.png 24215-24228
/my_product/decouping_wallpaper/wallpaper_info.xml 24229
/my_product/etc/HBMNoiseTable 24231
/my_product/etc/NOTICE.xml.gz 24232
/my_product/etc/ThermalServiceConfig/sys_thermal_config.xml 24234
/my_product/etc/camera/calibrationCfg.xml 24236
/my_product/etc/camera/engineer_camera_config 24237-24242
/my_product/etc/camera/inputparam.xml 24243
/my_product/etc/engineermode/aging_config/aging_init.json 24246
/my_product/etc/engineermode/aging_config/aging_pre_test.json 24247
/my_product/etc/engineermode/aging_config/aging_set.json 24248-24250
/my_product/etc/engineermode/aging_config/back_light_aging.json 24251
/my_product/etc/engineermode/aging_config/bluetooth_aging.json 24252
/my_product/etc/engineermode/aging_config/camera_auto_aging.json 24253
/my_product/etc/engineermode/aging_config/camera_bg_aging.json 24254
/my_product/etc/engineermode/aging_config/camera_portrait_aging.json 24255
/my_product/etc/engineermode/aging_config/charge_aging.json 24256
/my_product/etc/engineermode/aging_config/cpu_fix_freq_aging.json 24257
/my_product/etc/engineermode/aging_config/discharge_aging.json 24258
/my_product/etc/engineermode/aging_config/factory_mode_aging.json 24259
/my_product/etc/engineermode/aging_config/fingerprint_aging.json 24260
/my_product/etc/engineermode/aging_config/global.json 24261
/my_product/etc/engineermode/aging_config/gpu_aging.json 24262
/my_product/etc/engineermode/aging_config/idle_aging.json 24263
/my_product/etc/engineermode/aging_config/lcd_aging.json 24264
/my_product/etc/engineermode/aging_config/pa_aging.json 24265
/my_product/etc/engineermode/aging_config/reboot_aging.json 24266
/my_product/etc/engineermode/aging_config/sensor_aging.json 24267
/my_product/etc/engineermode/aging_config/smart_pa_aging.json 24268
/my_product/etc/engineermode/aging_config/speaker_aging.json 24269
/my_product/etc/engineermode/aging_config/thermal_aging.json 24270
/my_product/etc/engineermode/aging_config/touch_panel_aging.json 24271
/my_product/etc/engineermode/aging_config/vibrator_aging.json 24272
/my_product/etc/engineermode/aging_config/video_aging.json 24273
/my_product/etc/engineermode/aging_config/wcn_aging.json 24274
/my_product/etc/engineermode/aging_setting 24275
/my_product/etc/engineermode/aging_setting_new 24276
/my_product/etc/engineermode/engineer_config_list.xml 24277
/my_product/etc/engineermode/engineer_order_list.xml 24278-24283
/my_product/etc/engineermode/engineer_order_list_jp.xml 24284-24288
/my_product/etc/engineermode/features/engineermode_featureoptions.xml 24290
/my_product/etc/engineermode/modeltest/modeltest10_list.xml 24292
/my_product/etc/engineermode/modeltest/modeltest11_list.xml 24293
/my_product/etc/engineermode/modeltest/modeltest12_list.xml 24294
/my_product/etc/engineermode/modeltest/modeltest13_list.xml 24295
/my_product/etc/engineermode/modeltest/modeltest14_list.xml 24296
/my_product/etc/engineermode/modeltest/modeltest15_list.xml 24297
/my_product/etc/engineermode/modeltest/modeltest16_list.xml 24298
/my_product/etc/engineermode/modeltest/modeltest1_list.xml 24299
/my_product/etc/engineermode/modeltest/modeltest2_list.xml 24300
/my_product/etc/engineermode/modeltest/modeltest3_list.xml 24301
/my_product/etc/engineermode/modeltest/modeltest4_list.xml 24302
/my_product/etc/engineermode/modeltest/modeltest5_list.xml 24303
/my_product/etc/engineermode/modeltest/modeltest6_list.xml 24304
/my_product/etc/engineermode/modeltest/modeltest7_list.xml 24305
/my_product/etc/engineermode/modeltest/modeltest8_list.xml 24306
/my_product/etc/engineermode/modeltest/screen_component_test_list.xml 24307
/my_product/etc/engineermode/modeltest/screen_unit_test_list.xml 24308
/my_product/etc/engineermode/modeltest/small_middle_frame_test_list.xml 24309
/my_product/etc/engineermode/sys_secrecy_switch_list.xml 24310-24312
/my_product/etc/engineermode/wireless_configs 24313
/my_product/etc/fusionlight_profile/oplus_fusion_light_args.xml 24314-24316
/my_product/etc/fusionlight_profile/oplus_fusion_light_args_2.xml 24317 24315 24318
/my_product/etc/permissions/android.hardware.sensor.light.xml 24319
/my_product/etc/permissions/com.dolby_v3_6.daxservice.xml 24320
/my_product/etc/permissions/com.oplus.biometrics_config.xml 24321
/my_product/etc/permissions/com.oplus.features.mtk_rf.xml 24322
/my_product/etc/permissions/com.oplus.features.xml 24323
/my_product/etc/permissions/com.oplus.features_config.xml 24324
/my_product/etc/permissions/com.oplus.features_secrecy.xml 24325
/my_product/etc/permissions/com.oplus.network.common.features.xml 24326
/my_product/etc/permissions/com.oplus.network.features.xml 24327
/my_product/etc/permissions/com.oplus.product.connectivity.common.features.xml 24328
/my_product/etc/permissions/com.oplus.product.connectivity.features.xml 24329
/my_product/etc/permissions/com.oplus.sensor_config.xml 24330
/my_product/etc/permissions/com.oppo.feature.ktv.xml 24331
/my_product/etc/permissions/com.oppo.features.oppo6833.xml 24332
/my_product/etc/permissions/com.oppo.features.xml 24333
/my_product/etc/permissions/com.oppo.features_allnet_common.xml 24334
/my_product/etc/permissions/com.oppo.features_allnet_multimedia.xml 24335
/my_product/etc/permissions/com.oppo.features_display.xml 24336
/my_product/etc/permissions/com.oppo.features_dolby_mono.xml 24337
/my_product/etc/permissions/default_grant_permissions_list.xml 24338
/my_product/etc/permissions/my_product_common_features.xml 24339
/my_product/etc/permissions/my_product_common_permissions.xml 24339
/my_product/etc/permissions/my_product_common_privapp_permissions.xml 24339
/my_product/etc/permissions/oplus.feature.android.xml 24340
/my_product/etc/permissions/oplus.feature.bsp.charge.xml 24341
/my_product/etc/permissions/oplus.product.feature_ktv.xml 24342
/my_product/etc/permissions/oplus.product.feature_multimedia_unique.xml 24343
/my_product/etc/permissions/oplus.product.feature_wfd.xml 24344
/my_product/etc/permissions/oplus.product.features_dolby_mono.xml 24345
/my_product/etc/permissions/oplus.product.features_multimedia_common.xml 24346
/my_product/etc/power_profile/power_monitor_config.xml 24347
/my_product/etc/power_profile/power_profile.xml 24348-24350
/my_product/etc/refresh_rate_config.xml 24351-24391
/my_product/etc/sar_config.xml 24392-24394
/my_product/etc/sys_resolution_switch_config.xml 24395
/my_product/etc/sysconfig/my_product_common_sysconfig.xml 24396
/my_product/etc/temperature_profile/sys_high_temp_protect_20355.xml 24397
/my_product/etc/temperature_profile/sys_thermal_control_config.xml 24398-24421
/my_product/media/bootanimation/boot_video.mp4 24422-24526
/my_product/media/bootanimation/bootanimation.zip 24527-25448
/my_product/media/bootanimation/rbootanimation.zip 25449-25573
/my_product/oplus/prerom_tempres/temp_res 25574-25608
/my_product/overlay/CarrierConfigOverlay.20355.apk 25609-25616
/my_product/overlay/CellBroadcastReceiverModuleOverlay.apk 25617-26023
/my_product/overlay/CellBroadcastServiceModuleOverlay.apk 26024-26026
/my_product/overlay/MultimediaOverlay.20355.product.apk 26027-26030
/my_product/overlay/NetworkStackOverlay.apk 26031-26034
/my_product/overlay/OplusBluetoothResource.apk 26035-26167
/my_product/overlay/OplusWifiResource.apk 26168-26171
/my_product/overlay/SystemUIChargingRes_Alita_SuperVooc2/SystemUIChargingRes_Alita_SuperVooc2.apk 26172-29492
/my_product/overlay/SystemUIFingerprintRes_CCYH/SystemUIFingerprintRes_CCYH.apk 29493-30545 0 0 0 0 0 0 0 30546 0 30547-30717 30717-30718 30717 30720 30717 30717 30721 30717 30722 30717 30717 30723 30717 30724-30725 30717 30726 30717 30717 30727 30717 30728-30735 0 0 0 0 0 0 0 30736 0 30737-30900 30717 30901-30903 30717 30904 30717 30717 30905 30717 30906 30717 30717 30907 30717 30908 30717 30717 30909 30717 30717 30910 30717 30911 30717 30717 30912 30717 30913-30936
/my_product/overlay/SystemUIFingerprintRes_JHSY/SystemUIFingerprintRes_JHSY.apk 30937-31141 0 0 0 0 0 0 0 31142 0 0 31143-31207 30717 31208 30717 31210-31211 30717 31212 30717 31213 30717 31214 30717 31215 30717 31216 30717 31217-31223 0 0 0 0 0 0 0 31224 0 0 31225-31298 30717 30717 31299 30717 31300 30717 30717 31301 30717 30717 31302-31303 30717 30717 31304 30717 31305 30717 30717 31306 30717 31307 30717 30717 31308 30717 31309-31322
/my_product/overlay/SystemUIFingerprintRes_JSLZ/SystemUIFingerprintRes_JSLZ.apk 31323-32618 0 0 0 0 0 0 32619 0 0 32620-32767 32793-32794 0 0 0 0 0 0 0 32795 0 0 32797-32994
/my_product/overlay/SystemUIFingerprintRes_LGSY/SystemUIFingerprintRes_LGSY.apk 32996-33289 30717 33290-33293 30717 33294 33296 30717 33297-33298 30717 33299-33300 30717 33301-33381 30717 33382-33388 30717 33389-33390 30717 33391-33392 30717 33393-33407
/my_product/overlay/SystemUIFingerprintRes_NLGS/SystemUIFingerprintRes_NLGS.apk 33409-33736 0 0 0 0 0 0 0 33737 0 33738-33830 30717 33831 33833-33834 30717 33835 30717 33836 30717 33837 30717 33838 30717 33839 30717 33840 30717 33841 30717 33842-33849 0 0 0 0 0 0 0 33850 0 33851-33960 30717 33961-33963 30717 33964-33965 30717 33966 30717 33967 30717 30717 33968 30717 33969 30717 30717 33970 30717 33971 30717 30717 33972 30717 33973 30717 30717 33974-33989
/my_product/overlay/SystemUIFingerprintRes_TYJW/SystemUIFingerprintRes_TYJW.apk 33991-34282 0 0 0 0 0 0 0 34283 0 34284-34346 30717 34347 30717 34349 30717 34350-34352 30717 34353 30717 34354 30717 34355 30717 34356 30717 34357 30717 34358-34364 0 0 0 0 0 0 0 34365 0 34366-34437 30717 30717 34438 30717 34439 30717 30717 34440 30717 30717 34441 30717 34442-34444 30717 34445 30717 30717 34446 30717 34447 30717 30717 34448 30717 34449 30717 30717 34450-34463
/my_product/overlay/SystemUIFingerprintRes_XKLC/SystemUIFingerprintRes_XKLC.apk 34465-35013 0 0 0 0 0 0 0 35014 0 0 35015-35138 30717 35139 30717 35141 30717 35142 30717 35143 30717 35144 32763-32764 35145-35149 0 0 0 0 0 0 0 32795 0 0 35150-35297 30717 35298 30717 30717 35299 30717 35300 30717 30717 35301 30717 35302 30717 30717 35303 30717 35304-35320
/my_product/overlay/framework_res_overlay_Network.oplus6877.apk 35321-35323
/my_product/priv-app/daxService_v3_6/daxService_v3_6.apk 35326-35943
/my_product/vendor/etc/multimedia_app_scale_list.xml 35946-35950
/my_product/vendor/etc/multimedia_display_perf_list.xml 35951-35962
/my_product/vendor/etc/oppo_app_scale_list.xml 35963-35966
/my_product/vendor/etc/oppo_display_perf_list.xml 35967-35981
