/product/app/com.google.android.modulemetadata/com.google.android.modulemetadata.apk 21-27
/product/app/com.google.mainline.telemetry/com.google.mainline.telemetry.apk 29-34
/product/bin/dmabuf_dump 36-47
/product/bin/init.oplus.nandswap.sh 48
/product/bin/nandswap_tool 49-51
/product/build.prop 52
/product/etc/NOTICE.xml.gz 54
/product/etc/default-permissions/default-permissions-google.xml 56
/product/etc/init/init.oplus.nandswap.rc 58
/product/etc/permissions/privapp-permissions-google-comms-suite.xml 60
/product/etc/permissions/privapp-permissions-google-product.xml 61-65
/product/etc/permissions/privapp-permissions-oplus.xml 66-78
/product/etc/permissions/product-permissions-mediatek.xml 79
/product/etc/permissions/split-permissions-google.xml 80
/product/etc/preferred-apps/google.xml 82-84
/product/etc/security/fsverity/play_store_fsi_cert.der 87
/product/etc/selinux/product_sepolicy_and_mapping.sha256 89
/product/etc/selinux/product_sepolicy_and_mapping_debug.sha256 89
/product/etc/sysconfig/GoogleCellBroadcast_config.xml 91
/product/etc/sysconfig/google-rollback-package-whitelist.xml 92
/product/etc/sysconfig/google-staged-installer-whitelist.xml 93
/product/etc/sysconfig/google.xml 94-95
/product/etc/sysconfig/preinstalled-packages-platform-handheld-product.xml 96
/product/etc/sysconfig/preinstalled-packages-platform-overlays.xml 97
/product/etc/sysconfig/wellbeing.xml 98
/product/framework/com.google.android.dialer.support.jar 100
/product/media/audio/ui/Dock.ogg 104-105
/product/media/audio/ui/Effect_Tick.ogg 106-107
/product/media/audio/ui/InCallNotification.ogg 108-109
/product/media/audio/ui/KeypressDelete.ogg 110-111
/product/media/audio/ui/KeypressReturn.ogg 110-111
/product/media/audio/ui/KeypressSpacebar.ogg 110-111
/product/media/audio/ui/KeypressStandard.ogg 110-111
/product/media/audio/ui/Lock.ogg 112-113
/product/media/audio/ui/LowBattery.ogg 114-116
/product/media/audio/ui/Undock.ogg 117-122
/product/media/audio/ui/Unlock.ogg 112 123
/product/media/audio/ui/VideoRecord.ogg 112 124-126
/product/media/audio/ui/camera_click.ogg 112 127-128
/product/media/audio/ui/camera_focus.ogg 112 129
/product/overlay/AccentColorBlack/AccentColorBlackOverlay.apk 132-134
/product/overlay/AccentColorCinnamon/AccentColorCinnamonOverlay.apk 136-138
/product/overlay/AccentColorGreen/AccentColorGreenOverlay.apk 140-142
/product/overlay/AccentColorOcean/AccentColorOceanOverlay.apk 144-146
/product/overlay/AccentColorOrchid/AccentColorOrchidOverlay.apk 148-150
/product/overlay/AccentColorPurple/AccentColorPurpleOverlay.apk 152-154
/product/overlay/AccentColorSpace/AccentColorSpaceOverlay.apk 156-158
/product/overlay/DisplayCutoutEmulationHole/DisplayCutoutEmulationHoleOverlay.apk 160-165
/product/overlay/DisplayCutoutEmulationWaterfall/DisplayCutoutEmulationWaterfallOverlay.apk 167-172
/product/overlay/FontNotoSerifSource/FontNotoSerifSourceOverlay.apk 174-176
/product/overlay/GoogleDocumentsUIOverlay.apk 177-179
/product/overlay/GoogleExtServicesConfigOverlay.apk 180-182
/product/overlay/GooglePermissionControllerFrameworkOverlay.apk 183-185
/product/overlay/GooglePermissionControllerOverlay.apk 186-188
/product/overlay/IconPackCircularAndroid/IconPackCircularAndroidOverlay.apk 190-210
/product/overlay/IconPackCircularLauncher/IconPackCircularLauncherOverlay.apk 212-218
/product/overlay/IconPackCircularSettings/IconPackCircularSettingsOverlay.apk 220-240
/product/overlay/IconPackCircularSystemUI/IconPackCircularSystemUIOverlay.apk 242-258
/product/overlay/IconPackCircularThemePicker/IconPackCircularThemePickerOverlay.apk 260-265
/product/overlay/IconPackFilledAndroid/IconPackFilledAndroidOverlay.apk 267-284
/product/overlay/IconPackFilledLauncher/IconPackFilledLauncherOverlay.apk 286-292
/product/overlay/IconPackFilledSettings/IconPackFilledSettingsOverlay.apk 294-312
/product/overlay/IconPackFilledSystemUI/IconPackFilledSystemUIOverlay.apk 314-328
/product/overlay/IconPackFilledThemePicker/IconPackFilledThemePickerOverlay.apk 330-334
/product/overlay/IconPackRoundedAndroid/IconPackRoundedAndroidOverlay.apk 336-355
/product/overlay/IconPackRoundedLauncher/IconPackRoundedLauncherOverlay.apk 357-363
/product/overlay/IconPackRoundedSettings/IconPackRoundedSettingsOverlay.apk 365-385
/product/overlay/IconPackRoundedSystemUI/IconPackRoundedSystemUIOverlay.apk 387-403
/product/overlay/IconPackRoundedThemePicker/IconPackRoundedThemePickerOverlay.apk 405-410
/product/overlay/IconShapePebble/IconShapePebbleOverlay.apk 412-414
/product/overlay/IconShapeRoundedRect/IconShapeRoundedRectOverlay.apk 416-418
/product/overlay/IconShapeSquircle/IconShapeSquircleOverlay.apk 420-422
/product/overlay/IconShapeTaperedRect/IconShapeTaperedRectOverlay.apk 424-426
/product/overlay/IconShapeTeardrop/IconShapeTeardropOverlay.apk 428-430
/product/overlay/IconShapeVessel/IconShapeVesselOverlay.apk 432-434
/product/overlay/ModuleMetadataGoogleOverlay.apk 435-437
/product/overlay/NavigationBarMode3Button/NavigationBarMode3ButtonOverlay.apk 439-441
/product/overlay/NavigationBarModeGestural/NavigationBarModeGesturalOverlay.apk 443-446
/product/overlay/NavigationBarModeGesturalExtraWideBack/NavigationBarModeGesturalOverlayExtraWideBack.apk 448-451
/product/overlay/NavigationBarModeGesturalNarrowBack/NavigationBarModeGesturalOverlayNarrowBack.apk 453-456
/product/overlay/NavigationBarModeGesturalWideBack/NavigationBarModeGesturalOverlayWideBack.apk 458-461
/product/overlay/framework-res__auto_generated_rro_product.apk 462-490
